Microchip MPLAB XC8 Compiler V2.30

Linker command line:

-W-3 --edf=C:\Program Files\Microchip\xc8\v2.30\pic\dat\en_msgs.txt -cn \
  -h+dist/default/production\LPD.X.production.sym \
  --cmf=dist/default/production\LPD.X.production.cmf -z -Q10LF322 \
  -oC:\Users\crazy\AppData\Local\Temp\s890x2 --defsym=__MPLAB_BUILD=1 \
  -Mdist/default/production/LPD.X.production.map -E1 -ver=XC8 Compiler \
  --acfsm=1493 -ASTACK=057h-07Dh -pstack=STACK -ACODE=00h-01FFh \
  -ASTRCODE=00h-01FFh -ASTRING=00h-0FFhx2 -ACONST=00h-0FFhx2 \
  -AENTRY=00h-0FFhx2 -ABANK0=040h-07Dh -ARAM=040h-07Dh -AABS1=040h-07Fh \
  -ACOMMON=07Eh-07Fh -ASFR0=00h-03Fh -ACONFIG=02007h-02007h -DCONFIG=2 \
  -AIDLOC=02000h-02003h -DIDLOC=2 -DCODE=2 -DSTRCODE=2 -DSTRING=2 -DCONST=2 \
  -DENTRY=2 -preset_vec=00h,intentry=04h,init,end_init -ppowerup=CODE \
  -pcinit=CODE -pfunctab=ENTRY -k \
  C:\Users\crazy\AppData\Local\Temp\s890x8.o \
  dist/default/production\LPD.X.production.o 

Object code version is 3.11

Machine type is 10LF322



                Name                               Link     Load   Length Selector   Space Scale
C:\Users\crazy\AppData\Local\Temp\s890x8.o
                end_init                              C        C        1        8       0
                reset_vec                             0        0        1        0       0
                config                             2007     2007        1        0       4
dist/default/production\LPD.X.production.o
                cinit                                 D        D       12        8       0
                intentry                              4        4        8        8       0
                config                             2007     2007        1        0       4
                text12                               F9       F9        3        8       0
                text11                               FC       FC        2        8       0
                text10                               F6       F6        3        8       0
                text9                                EF       EF        4        8       0
                text8                                1F       1F       65        8       0
                text7                                A7       A7       14        8       0
                text6                                84       84       23        8       0
                text5                                EA       EA        5        8       0
                text4                                C8       C8        A        8       0
                text3                                DB       DB        8        8       0
                text2                                F3       F3        3        8       0
                text1                                D2       D2        9        8       0
                maintext                             BB       BB        D        8       0
                cstackBANK0                          40       40        A       40       1
                dataBANK0                            4A       4A        7       40       1
                bssBANK0                             55       55        2       40       1
                nvBANK0                              51       51        4       40       1
                idataBANK0                           E3       E3        7        8       0

TOTAL           Name                               Link     Load   Length     Space
        CLASS   STACK          

        CLASS   CODE           
                end_init                              C        C        1         0
                cinit                                 D        D       12         0
                intentry                              4        4        8         0
                reset_vec                             0        0        1         0
                text12                               F9       F9        3         0
                text11                               FC       FC        2         0
                text10                               F6       F6        3         0
                text9                                EF       EF        4         0
                text8                                1F       1F       65         0
                text7                                A7       A7       14         0
                text6                                84       84       23         0
                text5                                EA       EA        5         0
                text4                                C8       C8        A         0
                text3                                DB       DB        8         0
                text2                                F3       F3        3         0
                text1                                D2       D2        9         0
                maintext                             BB       BB        D         0
                idataBANK0                           E3       E3        7         0

        CLASS   STRCODE        

        CLASS   STRING         

        CLASS   CONST          

        CLASS   ENTRY          

        CLASS   BANK0          
                cstackBANK0                          40       40        A         1
                dataBANK0                            4A       4A        7         1
                bssBANK0                             55       55        2         1
                nvBANK0                              51       51        4         1

        CLASS   RAM            

        CLASS   ABS1           
                abs_s1                               7E       7E        2         1

        CLASS   COMMON         

        CLASS   SFR0           

        CLASS   CONFIG         
                config                             2007     2007        1         4

        CLASS   IDLOC          

        CLASS   EEDATA         



SEGMENTS        Name                           Load    Length   Top    Selector   Space  Class     Delta

                reset_vec                      000000  000001  000001         0       0  CODE        2
                intentry                       000004  0000FA  0000FE         8       0  CODE        2
                cstackBANK0                    000040  000017  000057        40       1  BANK0       1


UNUSED ADDRESS RANGES

        Name                Unused          Largest block    Delta
        BANK0            0057-007D             27           1
        CODE             0001-0003              3           2
                         00FE-01FF            102
        CONST            0001-0003              3           2
                         00FE-01FF              2
        ENTRY            0001-0003              3           2
                         00FE-01FF              2
        IDLOC            2000-2003              4           2
        RAM              0057-007D             27           1
        SFR0             0000-003F             40           1
        STACK            0057-007D             27           1
        STRCODE          0001-0003              3           2
                         00FE-01FF            102
        STRING           0001-0003              3           2
                         00FE-01FF              2

                                  Symbol Table

IOC_Handler@state                    cstackBANK0  0043
_ANSELA                              (abs)        0008
_BORCON                              (abs)        003F
_CLKRCON                             (abs)        0026
_INTCONbits                          (abs)        000B
_INTERRUPT_InterruptManager          text6        0084
_IOCAFbits                           (abs)        001C
_IOCANbits                           (abs)        001B
_IOCAPbits                           (abs)        001A
_IOC_Handler                         text8        001F
_IOC_Handler$353                     cstackBANK0  0045
_LATA                                (abs)        0007
_OPTION_REGbits                      (abs)        000E
_OSCCON                              (abs)        0010
_OSCILLATOR_Initialize               text5        00EA
_PIE1bits                            (abs)        000D
_PIN_MANAGER_Initialize              text4        00C8
_PIR1bits                            (abs)        000C
_PORTAbits                           (abs)        0005
_PR2                                 (abs)        0012
_SYSTEM_Initialize                   text1        00D2
_T2CON                               (abs)        0013
_T2CONbits                           (abs)        0013
_TMR2                                (abs)        0011
_TMR2IF                              (abs)        0061
_TMR2_Handler                        text7        00A7
_TMR2_Initialize                     text3        00DB
_TMR2_StartTimer                     text12       00F9
_TMR2_StopTimer                      text11       00FC
_TRISA                               (abs)        0006
_WDTCON                              (abs)        0030
_WDT_Initialize                      text2        00F3
_WPUA                                (abs)        0009
__Habs1                              abs1         0000
__Hbank0                             bank0        0000
__HbssBANK0                          bssBANK0     0000
__Hcinit                             cinit        001F
__Hclrtext                           clrtext      0000
__Hcode                              code         0000
__Hcommon                            common       0000
__Hconfig                            config       2008
__HcstackBANK0                       cstackBANK0  0000
__HcstackCOMMON                      cstackCOMMON 0000
__HdataBANK0                         dataBANK0    0000
__Heeprom_data                       eeprom_data  0000
__Hend_init                          end_init     000D
__Hfunctab                           functab      0000
__HidataBANK0                        idataBANK0   0000
__Hinit                              init         000C
__Hintentry                          intentry     000C
__Hmaintext                          maintext     0000
__HnvBANK0                           nvBANK0      0000
__Hpowerup                           powerup      0000
__Hram                               ram          0000
__Hreset_vec                         reset_vec    0001
__Hsfr0                              sfr0         0000
__Hspace_0                           (abs)        00FE
__Hspace_1                           (abs)        0057
__Hspace_2                           (abs)        0000
__Hspace_3                           (abs)        0000
__Hspace_4                           (abs)        400F
__Hstack                             stack        0000
__Hstrings                           strings      0000
__Htext                              text         0000
__Labs1                              abs1         0000
__Lbank0                             bank0        0000
__LbssBANK0                          bssBANK0     0000
__Lcinit                             cinit        000D
__Lclrtext                           clrtext      0000
__Lcode                              code         0000
__Lcommon                            common       0000
__Lconfig                            config       0000
__LcstackBANK0                       cstackBANK0  0000
__LcstackCOMMON                      cstackCOMMON 0000
__LdataBANK0                         dataBANK0    0000
__Leeprom_data                       eeprom_data  0000
__Lend_init                          end_init     000C
__Lfunctab                           functab      0000
__LidataBANK0                        idataBANK0   0000
__Linit                              init         000C
__Lintentry                          intentry     0004
__Lmaintext                          maintext     0000
__LnvBANK0                           nvBANK0      0000
__Lpowerup                           powerup      0000
__Lram                               ram          0000
__Lreset_vec                         reset_vec    0000
__Lsfr0                              sfr0         0000
__Lspace_0                           (abs)        0000
__Lspace_1                           (abs)        0000
__Lspace_2                           (abs)        0000
__Lspace_3                           (abs)        0000
__Lspace_4                           (abs)        0000
__Lstack                             stack        0000
__Lstrings                           strings      0000
__Ltext                              text         0000
__S0                                 (abs)        00FE
__S1                                 (abs)        0057
__S2                                 (abs)        0000
___int_sp                            stack        0000
___latbits                           (abs)        0000
___sp                                stack        0000
___stackhi                           (abs)        0000
___stacklo                           (abs)        0000
__end_of_INTERRUPT_InterruptManager  text6        00A7
__end_of_IOC_Handler                 text8        0084
__end_of_OSCILLATOR_Initialize       text5        00EF
__end_of_PIN_MANAGER_Initialize      text4        00D2
__end_of_SYSTEM_Initialize           text1        00DB
__end_of_TMR2_Handler                text7        00BB
__end_of_TMR2_Initialize             text3        00E3
__end_of_TMR2_StartTimer             text12       00FC
__end_of_TMR2_StopTimer              text11       00FE
__end_of_WDT_Initialize              text2        00F6
__end_of__initialization             cinit        001D
__end_of_genNextNumber               text10       00F9
__end_of_main                        maintext     00C8
__end_of_throwDice                   text9        00F3
__initialization                     cinit        000D
__pbssBANK0                          bssBANK0     0055
__pcstackBANK0                       cstackBANK0  0040
__pcstackCOMMON                      cstackCOMMON 0000
__pdataBANK0                         dataBANK0    004A
__pidataBANK0                        idataBANK0   00E3
__pintentry                          intentry     0004
__pmaintext                          maintext     00BB
__pnvBANK0                           nvBANK0      0051
__ptext1                             text1        00D2
__ptext10                            text10       00F6
__ptext11                            text11       00FC
__ptext12                            text12       00F9
__ptext2                             text2        00F3
__ptext3                             text3        00DB
__ptext4                             text4        00C8
__ptext5                             text5        00EA
__ptext6                             text6        0084
__ptext7                             text7        00A7
__ptext8                             text8        001F
__ptext9                             text9        00EF
__size_of_INTERRUPT_InterruptManager (abs)        0000
__size_of_IOC_Handler                (abs)        0000
__size_of_OSCILLATOR_Initialize      (abs)        0000
__size_of_PIN_MANAGER_Initialize     (abs)        0000
__size_of_SYSTEM_Initialize          (abs)        0000
__size_of_TMR2_Handler               (abs)        0000
__size_of_TMR2_Initialize            (abs)        0000
__size_of_TMR2_StartTimer            (abs)        0000
__size_of_TMR2_StopTimer             (abs)        0000
__size_of_WDT_Initialize             (abs)        0000
__size_of_genNextNumber              (abs)        0000
__size_of_main                       (abs)        0000
__size_of_throwDice                  (abs)        0000
_counter                             nvBANK0      0051
_dice                                bssBANK0     0056
_genNextNumber                       text10       00F6
_main                                maintext     00BB
_numbers                             dataBANK0    004A
_throwDice                           text9        00EF
btemp                                (abs)        007E
end_of_initialization                cinit        001D
interrupt_function                   intentry     0004
intlevel0                            functab      0000
intlevel1                            functab      0000
intlevel2                            functab      0000
intlevel3                            functab      0000
intlevel4                            functab      0000
intlevel5                            functab      0000
reset_vec                            reset_vec    0000
saved_w                              (abs)        007E
start                                init         000C
start_initialization                 cinit        000D
wtemp0                               (abs)        007E


FUNCTION INFORMATION:

 *************** function _main *****************
 Defined at:
		line 42 in file "main.c"
 Parameters:    Size  Location     Type
		None
 Auto vars:     Size  Location     Type
		None
 Return value:  Size  Location     Type
                  1    wreg      void 
 Registers used:
		wreg, status,2, status,0, pclath, cstack
 Tracked objects:
		On entry : 
		On exit  : 
		Unchanged: 
 Data sizes:     COMMON   BANK0
      Params:         0       0
      Locals:         0       0
      Temps:          0       0
      Totals:         0       0
Total ram usage:        0 bytes
 Hardware stack levels required when called:    6
 This function calls:
		_SYSTEM_Initialize
 This function is called by:
		Startup code after reset
 This function uses a non-reentrant model


 *************** function _SYSTEM_Initialize *****************
 Defined at:
		line 54 in file "mcc_generated_files/mcc.c"
 Parameters:    Size  Location     Type
		None
 Auto vars:     Size  Location     Type
		None
 Return value:  Size  Location     Type
                  1    wreg      void 
 Registers used:
		wreg, status,2, status,0, pclath, cstack
 Tracked objects:
		On entry : 
		On exit  : 
		Unchanged: 
 Data sizes:     COMMON   BANK0
      Params:         0       0
      Locals:         0       0
      Temps:          0       0
      Totals:         0       0
Total ram usage:        0 bytes
 Hardware stack levels used:    1
 Hardware stack levels required when called:    5
 This function calls:
		_OSCILLATOR_Initialize
		_PIN_MANAGER_Initialize
		_TMR2_Initialize
		_WDT_Initialize
 This function is called by:
		_main
 This function uses a non-reentrant model


 *************** function _WDT_Initialize *****************
 Defined at:
		line 80 in file "mcc_generated_files/mcc.c"
 Parameters:    Size  Location     Type
		None
 Auto vars:     Size  Location     Type
		None
 Return value:  Size  Location     Type
                  1    wreg      void 
 Registers used:
		wreg
 Tracked objects:
		On entry : 
		On exit  : 
		Unchanged: 
 Data sizes:     COMMON   BANK0
      Params:         0       0
      Locals:         0       0
      Temps:          0       0
      Totals:         0       0
Total ram usage:        0 bytes
 Hardware stack levels used:    1
 Hardware stack levels required when called:    4
 This function calls:
		Nothing
 This function is called by:
		_SYSTEM_Initialize
 This function uses a non-reentrant model


 *************** function _TMR2_Initialize *****************
 Defined at:
		line 63 in file "mcc_generated_files/tmr2.c"
 Parameters:    Size  Location     Type
		None
 Auto vars:     Size  Location     Type
		None
 Return value:  Size  Location     Type
                  1    wreg      void 
 Registers used:
		wreg, status,2
 Tracked objects:
		On entry : 
		On exit  : 
		Unchanged: 
 Data sizes:     COMMON   BANK0
      Params:         0       0
      Locals:         0       0
      Temps:          0       0
      Totals:         0       0
Total ram usage:        0 bytes
 Hardware stack levels used:    1
 Hardware stack levels required when called:    4
 This function calls:
		Nothing
 This function is called by:
		_SYSTEM_Initialize
 This function uses a non-reentrant model


 *************** function _PIN_MANAGER_Initialize *****************
 Defined at:
		line 59 in file "mcc_generated_files/pin_manager.c"
 Parameters:    Size  Location     Type
		None
 Auto vars:     Size  Location     Type
		None
 Return value:  Size  Location     Type
                  1    wreg      void 
 Registers used:
		status,2
 Tracked objects:
		On entry : 
		On exit  : 
		Unchanged: 
 Data sizes:     COMMON   BANK0
      Params:         0       0
      Locals:         0       0
      Temps:          0       0
      Totals:         0       0
Total ram usage:        0 bytes
 Hardware stack levels used:    1
 Hardware stack levels required when called:    4
 This function calls:
		Nothing
 This function is called by:
		_SYSTEM_Initialize
 This function uses a non-reentrant model


 *************** function _OSCILLATOR_Initialize *****************
 Defined at:
		line 70 in file "mcc_generated_files/mcc.c"
 Parameters:    Size  Location     Type
		None
 Auto vars:     Size  Location     Type
		None
 Return value:  Size  Location     Type
                  1    wreg      void 
 Registers used:
		wreg, status,2
 Tracked objects:
		On entry : 
		On exit  : 
		Unchanged: 
 Data sizes:     COMMON   BANK0
      Params:         0       0
      Locals:         0       0
      Temps:          0       0
      Totals:         0       0
Total ram usage:        0 bytes
 Hardware stack levels used:    1
 Hardware stack levels required when called:    4
 This function calls:
		Nothing
 This function is called by:
		_SYSTEM_Initialize
 This function uses a non-reentrant model


 *************** function _INTERRUPT_InterruptManager *****************
 Defined at:
		line 96 in file "mcc_generated_files/interrupt_manager.c"
 Parameters:    Size  Location     Type
		None
 Auto vars:     Size  Location     Type
		None
 Return value:  Size  Location     Type
                  1    wreg      void 
 Registers used:
		wreg, fsr0l, fsr0h, status,2, status,0, pclath, cstack
 Tracked objects:
		On entry : 
		On exit  : 
		Unchanged: 
 Data sizes:     COMMON   BANK0
      Params:         0       0
      Locals:         0       0
      Temps:          0       3
      Totals:         0       3
Total ram usage:        3 bytes
 Hardware stack levels used:    1
 Hardware stack levels required when called:    3
 This function calls:
		_IOC_Handler
		_TMR2_Handler
 This function is called by:
		Interrupt level 1
 This function uses a non-reentrant model


 *************** function _TMR2_Handler *****************
 Defined at:
		line 84 in file "mcc_generated_files/interrupt_manager.c"
 Parameters:    Size  Location     Type
		None
 Auto vars:     Size  Location     Type
		None
 Return value:  Size  Location     Type
                  1    wreg      void 
 Registers used:
		wreg
 Tracked objects:
		On entry : 
		On exit  : 
		Unchanged: 
 Data sizes:     COMMON   BANK0
      Params:         0       0
      Locals:         0       0
      Temps:          0       0
      Totals:         0       0
Total ram usage:        0 bytes
 Hardware stack levels used:    1
 This function calls:
		Nothing
 This function is called by:
		_INTERRUPT_InterruptManager
 This function uses a non-reentrant model


 *************** function _IOC_Handler *****************
 Defined at:
		line 53 in file "mcc_generated_files/interrupt_manager.c"
 Parameters:    Size  Location     Type
		None
 Auto vars:     Size  Location     Type
  state           2    3[BANK0 ] int 
 Return value:  Size  Location     Type
                  1    wreg      void 
 Registers used:
		wreg, fsr0l, fsr0h, status,2, status,0, pclath, cstack
 Tracked objects:
		On entry : 
		On exit  : 
		Unchanged: 
 Data sizes:     COMMON   BANK0
      Params:         0       0
      Locals:         0       4
      Temps:          0       3
      Totals:         0       7
Total ram usage:        7 bytes
 Hardware stack levels used:    1
 Hardware stack levels required when called:    2
 This function calls:
		_TMR2_StartTimer
		_TMR2_StopTimer
		_throwDice
 This function is called by:
		_INTERRUPT_InterruptManager
 This function uses a non-reentrant model


 *************** function _throwDice *****************
 Defined at:
		line 13 in file "throwdice.c"
 Parameters:    Size  Location     Type
		None
 Auto vars:     Size  Location     Type
		None
 Return value:  Size  Location     Type
                  1    wreg      unsigned char 
 Registers used:
		wreg, status,2, status,0, pclath, cstack
 Tracked objects:
		On entry : 
		On exit  : 
		Unchanged: 
 Data sizes:     COMMON   BANK0
      Params:         0       0
      Locals:         0       0
      Temps:          0       0
      Totals:         0       0
Total ram usage:        0 bytes
 Hardware stack levels used:    1
 Hardware stack levels required when called:    1
 This function calls:
		_genNextNumber
 This function is called by:
		_IOC_Handler
 This function uses a non-reentrant model


 *************** function _genNextNumber *****************
 Defined at:
		line 4 in file "throwdice.c"
 Parameters:    Size  Location     Type
		None
 Auto vars:     Size  Location     Type
		None
 Return value:  Size  Location     Type
                  1    wreg      void 
 Registers used:
		wreg, status,2, status,0
 Tracked objects:
		On entry : 
		On exit  : 
		Unchanged: 
 Data sizes:     COMMON   BANK0
      Params:         0       0
      Locals:         0       0
      Temps:          0       0
      Totals:         0       0
Total ram usage:        0 bytes
 Hardware stack levels used:    1
 This function calls:
		Nothing
 This function is called by:
		_throwDice
 This function uses a non-reentrant model


 *************** function _TMR2_StopTimer *****************
 Defined at:
		line 102 in file "mcc_generated_files/tmr2.c"
 Parameters:    Size  Location     Type
		None
 Auto vars:     Size  Location     Type
		None
 Return value:  Size  Location     Type
                  1    wreg      void 
 Registers used:
		None
 Tracked objects:
		On entry : 
		On exit  : 
		Unchanged: 
 Data sizes:     COMMON   BANK0
      Params:         0       0
      Locals:         0       0
      Temps:          0       0
      Totals:         0       0
Total ram usage:        0 bytes
 Hardware stack levels used:    1
 This function calls:
		Nothing
 This function is called by:
		_IOC_Handler
 This function uses a non-reentrant model


 *************** function _TMR2_StartTimer *****************
 Defined at:
		line 92 in file "mcc_generated_files/tmr2.c"
 Parameters:    Size  Location     Type
		None
 Auto vars:     Size  Location     Type
		None
 Return value:  Size  Location     Type
                  1    wreg      void 
 Registers used:
		status,2
 Tracked objects:
		On entry : 
		On exit  : 
		Unchanged: 
 Data sizes:     COMMON   BANK0
      Params:         0       0
      Locals:         0       0
      Temps:          0       0
      Totals:         0       0
Total ram usage:        0 bytes
 Hardware stack levels used:    1
 This function calls:
		Nothing
 This function is called by:
		_IOC_Handler
 This function uses a non-reentrant model



MODULE INFORMATION

Module		Function		Class		Link	Load	Size
throwdice.c
		_throwDice     		CODE           	00EF	0000	4
		_genNextNumber 		CODE           	00F6	0000	3

throwdice.c estimated size: 7

mcc_generated_files/tmr2.c
		_TMR2_Initialize		CODE           	00DB	0000	8
		_TMR2_StopTimer		CODE           	00FC	0000	2
		_TMR2_StartTimer		CODE           	00F9	0000	3

mcc_generated_files/tmr2.c estimated size: 13

mcc_generated_files/interrupt_manager.c
		_IOC_Handler   		CODE           	001F	0000	101
		_TMR2_Handler  		CODE           	00A7	0000	20
		_INTERRUPT_InterruptManager		CODE           	0084	0000	35

mcc_generated_files/interrupt_manager.c estimated size: 156

mcc_generated_files/pin_manager.c
		_PIN_MANAGER_Initialize		CODE           	00C8	0000	10

mcc_generated_files/pin_manager.c estimated size: 10

shared
		__initialization		CODE           	000D	0000	16

shared estimated size: 16

mcc_generated_files/mcc.c
		_WDT_Initialize		CODE           	00F3	0000	3
		_OSCILLATOR_Initialize		CODE           	00EA	0000	5
		_SYSTEM_Initialize		CODE           	00D2	0000	9

mcc_generated_files/mcc.c estimated size: 17

main.c
		_main          		CODE           	00BB	0000	13

main.c estimated size: 13

